main.c:954:13:SPI5_Write	16	static
main.c:1057:6:Time_Task	8	static
main.c:1094:13:TouchGFX_Task	8	static
main.c:1070:6:Set_Time_Task	8	static
main.c:286:6:SystemClock_Config	144	static
main.c:180:5:main	128	static
main.c:798:6:IOE_Init	0	static
main.c:807:6:IOE_ITConfig	0	static
main.c:819:6:IOE_Write	32	static
main.c:830:9:IOE_Read	32	static
main.c:843:10:IOE_ReadMultiple	24	static
main.c:852:6:IOE_Delay	0	static
main.c:980:6:LCD_IO_Init	8	static
main.c:990:6:LCD_IO_WriteData	16	static
main.c:1006:6:LCD_IO_WriteReg	16	static
main.c:1025:10:LCD_IO_ReadData	32	static
main.c:1052:6:LCD_Delay	0	static
main.c:1116:6:HAL_TIM_PeriodElapsedCallback	0	static
main.c:1133:6:Error_Handler	0	static
