Screen1Presenter.hpp:30:13:Screen1Presenter::~Screen1Presenter()	0	static
Screen1Presenter.cpp:10:6:virtual void Screen1Presenter::activate()	0	static
Screen1Presenter.hpp:30:13:virtual Screen1Presenter::~Screen1Presenter()	8	static
Screen1Presenter.hpp:30:13:virtual void* Screen1Presenter::_ZThn4_N16Screen1PresenterD1Ev()	0	static
Screen1Presenter.cpp:4:1:Screen1Presenter::Screen1Presenter(Screen1View&)	8	static
Screen1Presenter.cpp:21:6:void Screen1Presenter::GetRTCVals(int*, int*, int*)	0	static
