Application.hpp:74:18:virtual void touchgfx::Application::appSwitchScreen(uint8_t)	0	static
Application.hpp:86:18:virtual void touchgfx::Application::requestRedraw(touchgfx::Rect&)	0	static
Transition.hpp:71:18:virtual void touchgfx::Transition::tearDown()	0	static
Transition.hpp:79:18:virtual void touchgfx::Transition::init()	0	static
Transition.hpp:99:18:virtual void touchgfx::Transition::setScreenContainer(touchgfx::Container&)	0	static
MVPApplication.hpp:43:7:touchgfx::MVPApplication::~MVPApplication()	0	static
FrontendApplicationBase.hpp:16:13:FrontendApplicationBase::~FrontendApplicationBase()	0	static
NoTransition.hpp:35:18:virtual void touchgfx::NoTransition::handleTickEvent()	0	static
BlockTransition.hpp:102:18:virtual void touchgfx::BlockTransition::tearDown()	0	static
BlockTransition.hpp:106:18:virtual void touchgfx::BlockTransition::init()	0	static
BlockTransition.hpp:115:18:virtual void touchgfx::BlockTransition::invalidate()	0	static
BlockTransition.hpp:32:7:touchgfx::BlockTransition::~BlockTransition()	0	static
NoTransition.hpp:31:7:touchgfx::NoTransition::~NoTransition()	0	static
Callback.hpp:424:8:touchgfx::Callback<FrontendApplicationBase>::~Callback()	0	static
Callback.hpp:449:18:void touchgfx::Callback<dest_type, void, void, void>::execute() [with dest_type = FrontendApplicationBase]	4	static
Callback.hpp:459:18:bool touchgfx::Callback<dest_type, void, void, void>::isValid() const [with dest_type = FrontendApplicationBase]	0	static
BlockTransition.hpp:32:7:virtual touchgfx::BlockTransition::~BlockTransition()	8	static
NoTransition.hpp:31:7:virtual touchgfx::NoTransition::~NoTransition()	8	static
Callback.hpp:424:8:virtual touchgfx::Callback<FrontendApplicationBase>::~Callback()	8	static
MVPApplication.hpp:43:7:virtual touchgfx::MVPApplication::~MVPApplication()	8	static
FrontendApplicationBase.hpp:16:13:virtual FrontendApplicationBase::~FrontendApplicationBase()	8	static
Transition.hpp:88:18:virtual void touchgfx::Transition::invalidate()	8	static
BlockTransition.hpp:64:18:virtual void touchgfx::BlockTransition::handleTickEvent()	216	static
MVPApplication.hpp:59:18:virtual void touchgfx::MVPApplication::handlePendingScreenTransition()	8	static
BlockTransition.hpp:40:5:touchgfx::BlockTransition::BlockTransition()	0	static
FrontendApplicationBase.cpp:21:1:FrontendApplicationBase::FrontendApplicationBase(Model&, FrontendHeap&)	24	static
FrontendApplicationBase.cpp:38:6:void FrontendApplicationBase::gotoScreen1ScreenNoTransition()	0	static
FrontendApplicationBase.cpp:49:6:void FrontendApplicationBase::gotoScreen1ScreenBlockTransition()	0	static
FrontendApplicationBase.cpp:62:6:void FrontendApplicationBase::gotoScreen2ScreenNoTransition()	0	static
FrontendApplicationBase.cpp:73:6:void FrontendApplicationBase::gotoScreen2ScreenBlockTransition()	0	static
FrontendApplicationBase.cpp:86:6:void FrontendApplicationBase::gotoScreen3ScreenBlockTransition()	0	static
MVPApplication.hpp:161:16:PresenterType* touchgfx::makeTransition(touchgfx::Screen**, touchgfx::Presenter**, touchgfx::MVPHeap&, touchgfx::Transition**, ModelType*) [with ScreenType = Screen1View; PresenterType = Screen1Presenter; TransType = touchgfx::NoTransition; ModelType = Model]	40	static
FrontendApplicationBase.cpp:44:6:void FrontendApplicationBase::gotoScreen1ScreenNoTransitionImpl()	16	static
MVPApplication.hpp:161:16:PresenterType* touchgfx::makeTransition(touchgfx::Screen**, touchgfx::Presenter**, touchgfx::MVPHeap&, touchgfx::Transition**, ModelType*) [with ScreenType = Screen2View; PresenterType = Screen2Presenter; TransType = touchgfx::NoTransition; ModelType = Model]	40	static
FrontendApplicationBase.cpp:68:6:void FrontendApplicationBase::gotoScreen2ScreenNoTransitionImpl()	16	static
AbstractPartition.hpp:135:8:T& touchgfx::AbstractPartition::at(uint16_t) [with T = touchgfx::BlockTransition]	0	static
MVPApplication.hpp:161:16:PresenterType* touchgfx::makeTransition(touchgfx::Screen**, touchgfx::Presenter**, touchgfx::MVPHeap&, touchgfx::Transition**, ModelType*) [with ScreenType = Screen1View; PresenterType = Screen1Presenter; TransType = touchgfx::BlockTransition; ModelType = Model]	32	static
FrontendApplicationBase.cpp:55:6:void FrontendApplicationBase::gotoScreen1ScreenBlockTransitionImpl()	16	static
MVPApplication.hpp:161:16:PresenterType* touchgfx::makeTransition(touchgfx::Screen**, touchgfx::Presenter**, touchgfx::MVPHeap&, touchgfx::Transition**, ModelType*) [with ScreenType = Screen2View; PresenterType = Screen2Presenter; TransType = touchgfx::BlockTransition; ModelType = Model]	32	static
FrontendApplicationBase.cpp:79:6:void FrontendApplicationBase::gotoScreen2ScreenBlockTransitionImpl()	16	static
MVPApplication.hpp:161:16:PresenterType* touchgfx::makeTransition(touchgfx::Screen**, touchgfx::Presenter**, touchgfx::MVPHeap&, touchgfx::Transition**, ModelType*) [with ScreenType = Screen3View; PresenterType = Screen3Presenter; TransType = touchgfx::BlockTransition; ModelType = Model]	32	static
FrontendApplicationBase.cpp:92:6:void FrontendApplicationBase::gotoScreen3ScreenBlockTransitionImpl()	16	static
